// Jest Snapshot v1, https://goo.gl/fbAQLP

exports[`ProductsList renders the component correctly 1`] = `
<View
  style={
    [
      {
        "flexShrink": 1,
      },
      false,
      undefined,
    ]
  }
  testID="productsList"
>
  <Text
    style={
      {
        "color": "rgb(255,119,5)",
        "fontSize": 16,
        "fontWeight": "bold",
        "lineHeight": 21,
        "marginBottom": 16,
        "textTransform": "uppercase",
      }
    }
  >
    Category 1
  </Text>
  <RCTScrollView
    ItemSeparatorComponent={[Function]}
    ListEmptyComponent={
      <View
        testID="emptyComponent"
      />
    }
    contentContainerStyle={
      [
        undefined,
        false,
      ]
    }
    data={
      [
        {
          "category": "Category 1",
          "description": "Description 1",
          "id": 1,
          "image": "https://example.com/image.png",
          "price": 10,
          "rating": {
            "count": 10,
            "rate": 4.5,
          },
          "title": "Product 1",
        },
      ]
    }
    getItem={[Function]}
    getItemCount={[Function]}
    horizontal={true}
    keyExtractor={[Function]}
    onContentSizeChange={[Function]}
    onLayout={[Function]}
    onMomentumScrollBegin={[Function]}
    onMomentumScrollEnd={[Function]}
    onScroll={[Function]}
    onScrollBeginDrag={[Function]}
    onScrollEndDrag={[Function]}
    removeClippedSubviews={false}
    renderItem={[Function]}
    scrollEventThrottle={50}
    showsHorizontalScrollIndicator={false}
    showsVerticalScrollIndicator={false}
    stickyHeaderIndices={[]}
    testID="flatList"
    viewabilityConfigCallbackPairs={[]}
  >
    <View>
      <View
        onFocusCapture={[Function]}
        onLayout={[Function]}
        style={
          [
            {
              "flexDirection": "row",
            },
            null,
          ]
        }
      />
    </View>
  </RCTScrollView>
</View>
`;
