// Jest Snapshot v1, https://goo.gl/fbAQLP

exports[`CategoriesList renders the component correctly 1`] = `
<View
  style={
    {
      "height": 32,
    }
  }
  testID="categoriesList"
>
  <RCTScrollView
    ItemSeparatorComponent={[Function]}
    ListEmptyComponent={
      <View
        testID="emptyComponent"
      />
    }
    contentContainerStyle={
      {
        "marginTop": 10,
      }
    }
    data={
      [
        "Category 1",
        "Category 2",
        "Category 3",
      ]
    }
    getItem={[Function]}
    getItemCount={[Function]}
    horizontal={true}
    keyExtractor={[Function]}
    onContentSizeChange={[Function]}
    onLayout={[Function]}
    onMomentumScrollBegin={[Function]}
    onMomentumScrollEnd={[Function]}
    onScroll={[Function]}
    onScrollBeginDrag={[Function]}
    onScrollEndDrag={[Function]}
    removeClippedSubviews={false}
    renderItem={[Function]}
    scrollEventThrottle={50}
    showsHorizontalScrollIndicator={false}
    stickyHeaderIndices={[]}
    style={
      [
        {
          "backgroundColor": "red",
        },
      ]
    }
    testID="flatList"
    viewabilityConfigCallbackPairs={[]}
  >
    <View>
      <View
        onFocusCapture={[Function]}
        onLayout={[Function]}
        style={
          [
            {
              "flexDirection": "row",
            },
            null,
          ]
        }
      >
        <View
          style={
            {
              "width": 16,
            }
          }
        />
      </View>
      <View
        onFocusCapture={[Function]}
        onLayout={[Function]}
        style={
          [
            {
              "flexDirection": "row",
            },
            null,
          ]
        }
      >
        <View
          style={
            {
              "width": 16,
            }
          }
        />
      </View>
      <View
        onFocusCapture={[Function]}
        onLayout={[Function]}
        style={
          [
            {
              "flexDirection": "row",
            },
            null,
          ]
        }
      />
    </View>
  </RCTScrollView>
</View>
`;
