// Jest Snapshot v1, https://goo.gl/fbAQLP

exports[`TextInput renders correctly 1`] = `
<View
  style={
    [
      {
        "width": "100%",
      },
      undefined,
    ]
  }
>
  <TextInput
    autoCapitalize="none"
    keyboardType="default"
    onChangeText={[MockFunction]}
    placeholder="Enter text"
    pointerEvents="auto"
    secureTextEntry={false}
    style={
      {
        "backgroundColor": "rgb(240,237,246)",
        "borderRadius": 8,
        "color": "rgb(255,119,5)",
        "fontWeight": "500",
        "height": 48,
        "paddingHorizontal": 8,
      }
    }
    value="Hello"
  />
</View>
`;
